// Jest Snapshot v1, https://goo.gl/fbAQLP

exports[`components <ButtonGroup /> should render 1`] = `
<div
  className="btn-group"
/>
`;
